[12:07:24 INFO] [main] [AllayAPI] Server language was set to English (United States)
[12:07:25 INFO] [main] [Allay] Starting up Minecraft: Bedrock Edition server
[12:07:26 INFO] [main] [Allay] This server is running allay 0.15.0-dev with allay-api 0.30.0-dev. Supports version 1.21.90 - 1.26.50 (protocol version 818 - 2193)
[12:07:26 WARN] [main] [Allay] You are running a development version. The development version may have unexpected bugs, please do not use it in a production environment!
[12:07:34 INFO] [main] [PackRegistryLoader] Loading packs...
[12:07:34 INFO] [main] [PackRegistryLoader] Loaded 0 packs
[12:07:34 INFO] [main] [AllayWorldPool] Loading world world
[12:07:35 INFO] [main] [AllayWorldPool] World world is loaded
[12:07:36 INFO] [main] [AllayServer] Starting up network interface...
[12:07:37 INFO] [main] [AllayServer] Network interface started at 0.0.0.0:19132 and [::]:19133 (12874 ms)
[12:07:46 INFO] [Netty Server IO #2] [AllayNetworkInterface] Client connected, IP: /127.0.0.1:57803
[12:07:50 INFO] [Netty Server IO #2] [AllayServer] Kanelucky joined the game
[12:07:56 INFO] [World Thread #world] [AllayServer] Kanelucky was slain by Iron Golem
[12:08:07 INFO] [World Thread #world] [AllayServer] Kanelucky was slain by Iron Golem
[12:08:27 INFO] [Netty Server IO #2] [AllayServer] Client disconnected, IP: /127.0.0.1:57803
[12:08:27 INFO] [Netty Server IO #2] [AllayServer] Kanelucky left the game
[12:08:29 INFO] [main] [AllayServer] Stopping the server
[12:08:29 INFO] [World Thread #world] [AllayWorld] Unloading world world
[12:08:29 INFO] [World Thread #world] [AllayWorld] World world is unloaded
[12:08:29 INFO] [main] [Allay] Server stopped
